{
    "test - donor_bam - acceptor_bam": {
        "content": [
            [
                "test_repaired.bam"
            ],
            [
                "test_repair.log"
            ],
            [
                "d"
            ]
        ],
        "meta": {
            "nf-test": "0.9.2",
            "nextflow": "25.04.2"
        },
        "timestamp": "2025-09-16T11:40:17.927022229"
    },
    "test - donor_bam - acceptor_bam - stub": {
        "content": [
            {
                "0": [
                    [
                        {
                            "id": "test"
                        },
                        "test.bam:md5,d41d8cd98f00b204e9800998ecf8427e"
                    ]
                ],
                "1": [
                    [
                        {
                            "id": "test"
                        },
                        "test.log:md5,d41d8cd98f00b204e9800998ecf8427e"
                    ]
                ],
                "2": [
                    "versions.yml:md5,68970b3d8073277b0f988c459c694e9c"
                ],
                "bam": [
                    [
                        {
                            "id": "test"
                        },
                        "test.bam:md5,d41d8cd98f00b204e9800998ecf8427e"
                    ]
                ],
                "log": [
                    [
                        {
                            "id": "test"
                        },
                        "test.log:md5,d41d8cd98f00b204e9800998ecf8427e"
                    ]
                ],
                "versions": [
                    "versions.yml:md5,68970b3d8073277b0f988c459c694e9c"
                ]
            }
        ],
        "meta": {
            "nf-test": "0.9.2",
            "nextflow": "25.04.2"
        },
        "timestamp": "2025-09-16T11:40:29.802588248"
    }
}